stm32f3xx_ll_gpio.h:895:22:LL_GPIO_SetOutputPin	16	static
stm32f3xx_ll_gpio.h:924:22:LL_GPIO_ResetOutputPin	16	static
display.c:9:6:resetSegments	8	static
display.c:22:6:setSegments	8	static
display.c:35:6:resetDigits	8	static
display.c:45:6:setDigits	8	static
display.c:54:6:setDecimalPoint	8	static
display.c:60:6:setOne	8	static
display.c:67:6:setTwo	8	static
display.c:77:6:setThree	8	static
display.c:87:6:setFour	8	static
display.c:96:6:setFive	8	static
display.c:106:6:setSix	8	static
display.c:117:6:setSeven	8	static
display.c:125:6:setEight	8	static
display.c:137:6:setNine	8	static
display.c:147:6:setZero	8	static
display.c:158:6:setA	8	static
display.c:168:6:seta	8	static
display.c:178:6:setb	8	static
display.c:187:6:setC	8	static
display.c:195:6:setc	8	static
display.c:202:6:setd	8	static
display.c:211:6:setE	8	static
display.c:220:6:setF	8	static
display.c:228:6:setG	8	static
display.c:237:6:setH	8	static
display.c:246:6:seth	8	static
display.c:254:6:setI	8	static
display.c:260:6:setJ	8	static
display.c:268:6:setL	8	static
display.c:275:6:setn	8	static
display.c:282:6:setO	8	static
display.c:292:6:seto	8	static
display.c:300:6:setP	8	static
display.c:309:6:setq	8	static
display.c:318:6:setr	8	static
display.c:324:6:setS	8	static
display.c:333:6:sett	8	static
display.c:341:6:setU	8	static
display.c:350:6:setu	8	static
display.c:357:6:sety	8	static
display.c:366:6:setK	8	static
display.c:375:6:setM	8	static
display.c:383:6:setV	8	static
display.c:390:6:setW	8	static
display.c:400:6:setX	8	static
display.c:407:6:setZ	8	static
display.c:416:6:set_	8	static
display.c:424:6:setDigit	16	static
display.c:447:6:updateDisplay	16	static
display.c:635:6:TIM3_IRQHandler	8	static
